2026-06-20 19:14:16,669 INFO New version 1.2.3 available! (Current: 1.2.0)
2026-06-20 19:14:16,832 INFO Imported network 'Texas2k Series 25' has buses, generators, lines, loads, shunt_impedances, transformers

============================================================
summer_peak  2025-07-30T21:00:00+00:00
============================================================
2026-06-20 19:14:17,727 INFO New version 1.2.3 available! (Current: 1.2.0)
2026-06-20 19:14:17,889 INFO Imported network 'Texas2k Series 25' has buses, generators, lines, loads, shunt_impedances, transformers
2026-06-20 19:14:17,933 WARNING The following buses have carriers which are not defined. Run n.sanitize() to add them. Components with undefined carriers:
Index(['1001', '1002', '1003', '1004', '1005', '1006', '1007', '1008', '1009',
       '1010',
       ...
       '13420', '13421', '13422', '13423', '13424', '13425', '13426', '13427',
       '13428', '13429'],
      dtype='str', name='name', length=2751)
2026-06-20 19:14:17,943 WARNING The following generators have carriers which are not defined. Run n.sanitize() to add them. Components with undefined carriers:
Index(['G0', 'G1', 'G2', 'G3', 'G4', 'G5', 'G6', 'G7', 'G8', 'G9',
       ...
       'shed_13420', 'shed_13421', 'shed_13422', 'shed_13423', 'shed_13424',
       'shed_13425', 'shed_13426', 'shed_13427', 'shed_13428', 'shed_13429'],
      dtype='str', name='name', length=3850)
2026-06-20 19:14:17,974 WARNING The following lines have carriers which are not defined. Run n.sanitize() to add them. Components with undefined carriers:
Index(['L0', 'L1', 'L2', 'L3', 'L4', 'L5', 'L6', 'L7', 'L8', 'L9',
       ...
       'L3983', 'L3984', 'L3985', 'L3986', 'L3987', 'L3988', 'L3989', 'L3990',
       'L3991', 'L3992'],
      dtype='str', name='name', length=3993)
/compute/cap_sweep.py:66: FutureWarning: The default value of `include_objective_constant` will change from True to False in version 2.0. Set `include_objective_constant` explicitly to suppress this warning. Using False improves LP numerical conditioning by not including the objective constant as a variable.
  n.optimize.create_model()
2026-06-20 19:14:26,148 INFO  Solve problem using Highs solver
Running HiGHS 1.14.0 (git hash: 7df0786): Copyright (c) 2026 under MIT licence terms
LP has 23733 rows; 9194 cols; 116620 nonzeros
Coefficient ranges:
  Matrix  [6e-02, 5e+02]
  Cost    [2e+00, 1e+06]
  Bound   [0e+00, 0e+00]
  RHS     [9e-02, 8e+04]
Presolving model
4375 rows, 8224 cols, 94352 nonzeros 0s
Dependent equations search running on 4197 equations with time limit of 1000.00s
Dependent equations search removed 0 rows and 0 nonzeros in 0.00s (limit = 1000.00s)
4197 rows, 7878 cols, 93964 nonzeros 0s
Presolve reductions: rows 4197(-19536); columns 7878(-1316); nonzeros 93964(-22656) 
Solving the presolved LP
Using dual simplex solver
  Iteration        Objective     Infeasibilities num(sum)
          0    -1.1184097257e+00 Pr: 4197(2.63454e+07) 0.3s
       4715     8.5464211593e+07 Pr: 0(0); Du: 0(4.91338e-08) 3.7s

Performed postsolve
Solving the original LP from the solution after postsolve

Model status        : Optimal
Simplex   iterations: 4715
Objective value     :  8.5464211593e+07
P-D objective error :  1.8760659055e-13
HiGHS run time      :          3.80
2026-06-20 19:14:30,574 INFO  Optimization successful: 
Status: ok
Termination condition: optimal
Solution: 9194 primals, 23733 duals
Objective: 8.55e+07
Solver model: available
Solver message: Optimal

  cap= 1.2: shed 84 MW (far_west 0)
2026-06-20 19:14:30,859 INFO New version 1.2.3 available! (Current: 1.2.0)
2026-06-20 19:14:31,022 INFO Imported network 'Texas2k Series 25' has buses, generators, lines, loads, shunt_impedances, transformers
2026-06-20 19:14:31,067 WARNING The following buses have carriers which are not defined. Run n.sanitize() to add them. Components with undefined carriers:
Index(['1001', '1002', '1003', '1004', '1005', '1006', '1007', '1008', '1009',
       '1010',
       ...
       '13420', '13421', '13422', '13423', '13424', '13425', '13426', '13427',
       '13428', '13429'],
      dtype='str', name='name', length=2751)
2026-06-20 19:14:31,077 WARNING The following generators have carriers which are not defined. Run n.sanitize() to add them. Components with undefined carriers:
Index(['G0', 'G1', 'G2', 'G3', 'G4', 'G5', 'G6', 'G7', 'G8', 'G9',
       ...
       'shed_13420', 'shed_13421', 'shed_13422', 'shed_13423', 'shed_13424',
       'shed_13425', 'shed_13426', 'shed_13427', 'shed_13428', 'shed_13429'],
      dtype='str', name='name', length=3850)
2026-06-20 19:14:31,109 WARNING The following lines have carriers which are not defined. Run n.sanitize() to add them. Components with undefined carriers:
Index(['L0', 'L1', 'L2', 'L3', 'L4', 'L5', 'L6', 'L7', 'L8', 'L9',
       ...
       'L3983', 'L3984', 'L3985', 'L3986', 'L3987', 'L3988', 'L3989', 'L3990',
       'L3991', 'L3992'],
      dtype='str', name='name', length=3993)
/compute/cap_sweep.py:66: FutureWarning: The default value of `include_objective_constant` will change from True to False in version 2.0. Set `include_objective_constant` explicitly to suppress this warning. Using False improves LP numerical conditioning by not including the objective constant as a variable.
  n.optimize.create_model()
2026-06-20 19:14:39,006 INFO  Solve problem using Highs solver
Running HiGHS 1.14.0 (git hash: 7df0786): Copyright (c) 2026 under MIT licence terms
LP has 23733 rows; 9194 cols; 116620 nonzeros
Coefficient ranges:
  Matrix  [6e-02, 5e+02]
  Cost    [2e+00, 1e+06]
  Bound   [0e+00, 0e+00]
  RHS     [1e-01, 8e+04]
Presolving model
4375 rows, 8224 cols, 94352 nonzeros 0s
Dependent equations search running on 4197 equations with time limit of 1000.00s
Dependent equations search removed 0 rows and 0 nonzeros in 0.00s (limit = 1000.00s)
4197 rows, 7878 cols, 93964 nonzeros 0s
Presolve reductions: rows 4197(-19536); columns 7878(-1316); nonzeros 93964(-22656) 
Solving the presolved LP
Using dual simplex solver
  Iteration        Objective     Infeasibilities num(sum)
          0    -1.1184097257e+00 Pr: 4197(2.63451e+07) 0.3s
       4707     2.7116938960e+08 Pr: 0(0); Du: 0(1.50662e-08) 4.0s

Performed postsolve
Solving the original LP from the solution after postsolve

Model status        : Optimal
Simplex   iterations: 4707
Objective value     :  2.7116938958e+08
P-D objective error :  1.5763592358e-10
HiGHS run time      :          4.17
2026-06-20 19:14:43,793 INFO  Optimization successful: 
Status: ok
Termination condition: optimal
Solution: 9194 primals, 23733 duals
Objective: 2.71e+08
Solver model: available
Solver message: Optimal

  cap= 1.3: shed 270 MW (far_west 0)
2026-06-20 19:14:44,113 INFO New version 1.2.3 available! (Current: 1.2.0)
2026-06-20 19:14:44,313 INFO Imported network 'Texas2k Series 25' has buses, generators, lines, loads, shunt_impedances, transformers
2026-06-20 19:14:44,350 WARNING The following buses have carriers which are not defined. Run n.sanitize() to add them. Components with undefined carriers:
Index(['1001', '1002', '1003', '1004', '1005', '1006', '1007', '1008', '1009',
       '1010',
       ...
       '13420', '13421', '13422', '13423', '13424', '13425', '13426', '13427',
       '13428', '13429'],
      dtype='str', name='name', length=2751)
2026-06-20 19:14:44,360 WARNING The following generators have carriers which are not defined. Run n.sanitize() to add them. Components with undefined carriers:
Index(['G0', 'G1', 'G2', 'G3', 'G4', 'G5', 'G6', 'G7', 'G8', 'G9',
       ...
       'shed_13420', 'shed_13421', 'shed_13422', 'shed_13423', 'shed_13424',
       'shed_13425', 'shed_13426', 'shed_13427', 'shed_13428', 'shed_13429'],
      dtype='str', name='name', length=3850)
2026-06-20 19:14:44,388 WARNING The following lines have carriers which are not defined. Run n.sanitize() to add them. Components with undefined carriers:
Index(['L0', 'L1', 'L2', 'L3', 'L4', 'L5', 'L6', 'L7', 'L8', 'L9',
       ...
       'L3983', 'L3984', 'L3985', 'L3986', 'L3987', 'L3988', 'L3989', 'L3990',
       'L3991', 'L3992'],
      dtype='str', name='name', length=3993)
/compute/cap_sweep.py:66: FutureWarning: The default value of `include_objective_constant` will change from True to False in version 2.0. Set `include_objective_constant` explicitly to suppress this warning. Using False improves LP numerical conditioning by not including the objective constant as a variable.
  n.optimize.create_model()
2026-06-20 19:14:53,198 INFO  Solve problem using Highs solver
Running HiGHS 1.14.0 (git hash: 7df0786): Copyright (c) 2026 under MIT licence terms
LP has 23733 rows; 9194 cols; 116620 nonzeros
Coefficient ranges:
  Matrix  [6e-02, 5e+02]
  Cost    [2e+00, 1e+06]
  Bound   [0e+00, 0e+00]
  RHS     [1e-01, 8e+04]
Presolving model
4375 rows, 8224 cols, 94352 nonzeros 0s
Dependent equations search running on 4197 equations with time limit of 1000.00s
Dependent equations search removed 0 rows and 0 nonzeros in 0.00s (limit = 1000.00s)
4197 rows, 7878 cols, 93964 nonzeros 0s
Presolve reductions: rows 4197(-19536); columns 7878(-1316); nonzeros 93964(-22656) 
Solving the presolved LP
Using dual simplex solver
  Iteration        Objective     Infeasibilities num(sum)
          0    -1.1184097257e+00 Pr: 4197(2.63456e+07) 0.3s
       4694     2.2925857835e+08 Pr: 0(0); Du: 2(7.76132e-07) 4.0s
       4694     2.2925857835e+08 Pr: 0(0); Du: 2(7.76132e-07) 4.0s

Performed postsolve
Solving the original LP from the solution after postsolve

Model status        : Optimal
Simplex   iterations: 4694
Objective value     :  2.2925857833e+08
P-D objective error :  6.8626622894e-12
HiGHS run time      :          4.15
2026-06-20 19:14:58,010 INFO  Optimization successful: 
Status: ok
Termination condition: optimal
Solution: 9194 primals, 23733 duals
Objective: 2.29e+08
Solver model: available
Solver message: Optimal

  cap= 1.5: shed 228 MW (far_west 3)
2026-06-20 19:14:58,303 INFO New version 1.2.3 available! (Current: 1.2.0)
2026-06-20 19:14:58,440 INFO Imported network 'Texas2k Series 25' has buses, generators, lines, loads, shunt_impedances, transformers
2026-06-20 19:14:58,489 WARNING The following buses have carriers which are not defined. Run n.sanitize() to add them. Components with undefined carriers:
Index(['1001', '1002', '1003', '1004', '1005', '1006', '1007', '1008', '1009',
       '1010',
       ...
       '13420', '13421', '13422', '13423', '13424', '13425', '13426', '13427',
       '13428', '13429'],
      dtype='str', name='name', length=2751)
2026-06-20 19:14:58,501 WARNING The following generators have carriers which are not defined. Run n.sanitize() to add them. Components with undefined carriers:
Index(['G0', 'G1', 'G2', 'G3', 'G4', 'G5', 'G6', 'G7', 'G8', 'G9',
       ...
       'shed_13420', 'shed_13421', 'shed_13422', 'shed_13423', 'shed_13424',
       'shed_13425', 'shed_13426', 'shed_13427', 'shed_13428', 'shed_13429'],
      dtype='str', name='name', length=3850)
2026-06-20 19:14:58,534 WARNING The following lines have carriers which are not defined. Run n.sanitize() to add them. Components with undefined carriers:
Index(['L0', 'L1', 'L2', 'L3', 'L4', 'L5', 'L6', 'L7', 'L8', 'L9',
       ...
       'L3983', 'L3984', 'L3985', 'L3986', 'L3987', 'L3988', 'L3989', 'L3990',
       'L3991', 'L3992'],
      dtype='str', name='name', length=3993)
/compute/cap_sweep.py:66: FutureWarning: The default value of `include_objective_constant` will change from True to False in version 2.0. Set `include_objective_constant` explicitly to suppress this warning. Using False improves LP numerical conditioning by not including the objective constant as a variable.
  n.optimize.create_model()
2026-06-20 19:15:07,374 INFO  Solve problem using Highs solver
Running HiGHS 1.14.0 (git hash: 7df0786): Copyright (c) 2026 under MIT licence terms
LP has 23733 rows; 9194 cols; 116620 nonzeros
Coefficient ranges:
  Matrix  [6e-02, 5e+02]
  Cost    [2e+00, 1e+06]
  Bound   [0e+00, 0e+00]
  RHS     [1e-01, 8e+04]
Presolving model
4375 rows, 8224 cols, 94352 nonzeros 0s
Dependent equations search running on 4197 equations with time limit of 1000.00s
Dependent equations search removed 0 rows and 0 nonzeros in 0.00s (limit = 1000.00s)
4197 rows, 7878 cols, 93964 nonzeros 0s
Presolve reductions: rows 4197(-19536); columns 7878(-1316); nonzeros 93964(-22656) 
Solving the presolved LP
Using dual simplex solver
  Iteration        Objective     Infeasibilities num(sum)
          0    -1.1184097257e+00 Pr: 4197(2.63465e+07) 0.3s
       4745     2.6078953056e+08 Pr: 0(0); Du: 0(1.19635e-09) 4.0s

Performed postsolve
Solving the original LP from the solution after postsolve

Model status        : Optimal
Simplex   iterations: 4745
Objective value     :  2.6078953056e+08
P-D objective error :  1.1307738421e-13
HiGHS run time      :          4.18
2026-06-20 19:15:12,233 INFO  Optimization successful: 
Status: ok
Termination condition: optimal
Solution: 9194 primals, 23733 duals
Objective: 2.61e+08
Solver model: available
Solver message: Optimal

  cap= 2.0: shed 259 MW (far_west 86)

============================================================
high_wind_west  2026-04-03T13:00:00+00:00
============================================================
2026-06-20 19:15:12,644 INFO New version 1.2.3 available! (Current: 1.2.0)
2026-06-20 19:15:12,819 INFO Imported network 'Texas2k Series 25' has buses, generators, lines, loads, shunt_impedances, transformers
2026-06-20 19:15:12,868 WARNING The following buses have carriers which are not defined. Run n.sanitize() to add them. Components with undefined carriers:
Index(['1001', '1002', '1003', '1004', '1005', '1006', '1007', '1008', '1009',
       '1010',
       ...
       '13420', '13421', '13422', '13423', '13424', '13425', '13426', '13427',
       '13428', '13429'],
      dtype='str', name='name', length=2751)
2026-06-20 19:15:12,880 WARNING The following generators have carriers which are not defined. Run n.sanitize() to add them. Components with undefined carriers:
Index(['G0', 'G1', 'G2', 'G3', 'G4', 'G5', 'G6', 'G7', 'G8', 'G9',
       ...
       'shed_13420', 'shed_13421', 'shed_13422', 'shed_13423', 'shed_13424',
       'shed_13425', 'shed_13426', 'shed_13427', 'shed_13428', 'shed_13429'],
      dtype='str', name='name', length=3850)
2026-06-20 19:15:12,920 WARNING The following lines have carriers which are not defined. Run n.sanitize() to add them. Components with undefined carriers:
Index(['L0', 'L1', 'L2', 'L3', 'L4', 'L5', 'L6', 'L7', 'L8', 'L9',
       ...
       'L3983', 'L3984', 'L3985', 'L3986', 'L3987', 'L3988', 'L3989', 'L3990',
       'L3991', 'L3992'],
      dtype='str', name='name', length=3993)
/compute/cap_sweep.py:66: FutureWarning: The default value of `include_objective_constant` will change from True to False in version 2.0. Set `include_objective_constant` explicitly to suppress this warning. Using False improves LP numerical conditioning by not including the objective constant as a variable.
  n.optimize.create_model()
2026-06-20 19:15:21,061 INFO  Solve problem using Highs solver
Running HiGHS 1.14.0 (git hash: 7df0786): Copyright (c) 2026 under MIT licence terms
LP has 23733 rows; 9194 cols; 116620 nonzeros
Coefficient ranges:
  Matrix  [6e-02, 5e+02]
  Cost    [2e+00, 1e+06]
  Bound   [0e+00, 0e+00]
  RHS     [6e-02, 5e+04]
Presolving model
4375 rows, 8224 cols, 94352 nonzeros 0s
Dependent equations search running on 4194 equations with time limit of 1000.00s
Dependent equations search removed 0 rows and 0 nonzeros in 0.00s (limit = 1000.00s)
4194 rows, 7874 cols, 93958 nonzeros 0s
Presolve reductions: rows 4194(-19539); columns 7874(-1320); nonzeros 93958(-22662) 
Solving the presolved LP
Using dual simplex solver
  Iteration        Objective     Infeasibilities num(sum)
          0    -1.1110940894e+00 Pr: 4194(2.62892e+07) 0.3s
       4675     0.0000000000e+00 Pr: 0(0) 3.9s

Performed postsolve
Solving the original LP from the solution after postsolve

Model status        : Optimal
Simplex   iterations: 4675
Objective value     :  0.0000000000e+00
P-D objective error :  0.0000000000e+00
HiGHS run time      :          4.08
2026-06-20 19:15:25,778 INFO  Optimization successful: 
Status: ok
Termination condition: optimal
Solution: 9194 primals, 23733 duals
Objective: 0.00e+00
Solver model: available
Solver message: Optimal

  cap= 1.2: FEASIBLE (no shed)
2026-06-20 19:15:26,071 INFO New version 1.2.3 available! (Current: 1.2.0)
2026-06-20 19:15:26,243 INFO Imported network 'Texas2k Series 25' has buses, generators, lines, loads, shunt_impedances, transformers
2026-06-20 19:15:26,283 WARNING The following buses have carriers which are not defined. Run n.sanitize() to add them. Components with undefined carriers:
Index(['1001', '1002', '1003', '1004', '1005', '1006', '1007', '1008', '1009',
       '1010',
       ...
       '13420', '13421', '13422', '13423', '13424', '13425', '13426', '13427',
       '13428', '13429'],
      dtype='str', name='name', length=2751)
2026-06-20 19:15:26,296 WARNING The following generators have carriers which are not defined. Run n.sanitize() to add them. Components with undefined carriers:
Index(['G0', 'G1', 'G2', 'G3', 'G4', 'G5', 'G6', 'G7', 'G8', 'G9',
       ...
       'shed_13420', 'shed_13421', 'shed_13422', 'shed_13423', 'shed_13424',
       'shed_13425', 'shed_13426', 'shed_13427', 'shed_13428', 'shed_13429'],
      dtype='str', name='name', length=3850)
2026-06-20 19:15:26,325 WARNING The following lines have carriers which are not defined. Run n.sanitize() to add them. Components with undefined carriers:
Index(['L0', 'L1', 'L2', 'L3', 'L4', 'L5', 'L6', 'L7', 'L8', 'L9',
       ...
       'L3983', 'L3984', 'L3985', 'L3986', 'L3987', 'L3988', 'L3989', 'L3990',
       'L3991', 'L3992'],
      dtype='str', name='name', length=3993)
/compute/cap_sweep.py:66: FutureWarning: The default value of `include_objective_constant` will change from True to False in version 2.0. Set `include_objective_constant` explicitly to suppress this warning. Using False improves LP numerical conditioning by not including the objective constant as a variable.
  n.optimize.create_model()
2026-06-20 19:15:34,382 INFO  Solve problem using Highs solver
Running HiGHS 1.14.0 (git hash: 7df0786): Copyright (c) 2026 under MIT licence terms
LP has 23733 rows; 9194 cols; 116620 nonzeros
Coefficient ranges:
  Matrix  [6e-02, 5e+02]
  Cost    [2e+00, 1e+06]
  Bound   [0e+00, 0e+00]
  RHS     [6e-02, 5e+04]
Presolving model
4375 rows, 8224 cols, 94352 nonzeros 0s
Dependent equations search running on 4194 equations with time limit of 1000.00s
Dependent equations search removed 0 rows and 0 nonzeros in 0.00s (limit = 1000.00s)
4194 rows, 7874 cols, 93958 nonzeros 0s
Presolve reductions: rows 4194(-19539); columns 7874(-1320); nonzeros 93958(-22662) 
Solving the presolved LP
Using dual simplex solver
  Iteration        Objective     Infeasibilities num(sum)
          0    -1.1110940894e+00 Pr: 4194(2.62892e+07) 0.3s
       4660     0.0000000000e+00 Pr: 0(0) 3.9s

Performed postsolve
Solving the original LP from the solution after postsolve

Model status        : Optimal
Simplex   iterations: 4660
Objective value     :  0.0000000000e+00
P-D objective error :  0.0000000000e+00
HiGHS run time      :          4.05
2026-06-20 19:15:39,111 INFO  Optimization successful: 
Status: ok
Termination condition: optimal
Solution: 9194 primals, 23733 duals
Objective: 0.00e+00
Solver model: available
Solver message: Optimal

  cap= 1.3: FEASIBLE (no shed)
2026-06-20 19:15:39,380 INFO New version 1.2.3 available! (Current: 1.2.0)
2026-06-20 19:15:39,521 INFO Imported network 'Texas2k Series 25' has buses, generators, lines, loads, shunt_impedances, transformers
2026-06-20 19:15:39,561 WARNING The following buses have carriers which are not defined. Run n.sanitize() to add them. Components with undefined carriers:
Index(['1001', '1002', '1003', '1004', '1005', '1006', '1007', '1008', '1009',
       '1010',
       ...
       '13420', '13421', '13422', '13423', '13424', '13425', '13426', '13427',
       '13428', '13429'],
      dtype='str', name='name', length=2751)
2026-06-20 19:15:39,572 WARNING The following generators have carriers which are not defined. Run n.sanitize() to add them. Components with undefined carriers:
Index(['G0', 'G1', 'G2', 'G3', 'G4', 'G5', 'G6', 'G7', 'G8', 'G9',
       ...
       'shed_13420', 'shed_13421', 'shed_13422', 'shed_13423', 'shed_13424',
       'shed_13425', 'shed_13426', 'shed_13427', 'shed_13428', 'shed_13429'],
      dtype='str', name='name', length=3850)
2026-06-20 19:15:39,601 WARNING The following lines have carriers which are not defined. Run n.sanitize() to add them. Components with undefined carriers:
Index(['L0', 'L1', 'L2', 'L3', 'L4', 'L5', 'L6', 'L7', 'L8', 'L9',
       ...
       'L3983', 'L3984', 'L3985', 'L3986', 'L3987', 'L3988', 'L3989', 'L3990',
       'L3991', 'L3992'],
      dtype='str', name='name', length=3993)
/compute/cap_sweep.py:66: FutureWarning: The default value of `include_objective_constant` will change from True to False in version 2.0. Set `include_objective_constant` explicitly to suppress this warning. Using False improves LP numerical conditioning by not including the objective constant as a variable.
  n.optimize.create_model()
2026-06-20 19:15:47,536 INFO  Solve problem using Highs solver
Running HiGHS 1.14.0 (git hash: 7df0786): Copyright (c) 2026 under MIT licence terms
LP has 23733 rows; 9194 cols; 116620 nonzeros
Coefficient ranges:
  Matrix  [6e-02, 5e+02]
  Cost    [2e+00, 1e+06]
  Bound   [0e+00, 0e+00]
  RHS     [7e-02, 5e+04]
Presolving model
4375 rows, 8224 cols, 94352 nonzeros 0s
Dependent equations search running on 4194 equations with time limit of 1000.00s
Dependent equations search removed 0 rows and 0 nonzeros in 0.00s (limit = 1000.00s)
4194 rows, 7874 cols, 93958 nonzeros 0s
Presolve reductions: rows 4194(-19539); columns 7874(-1320); nonzeros 93958(-22662) 
Solving the presolved LP
Using dual simplex solver
  Iteration        Objective     Infeasibilities num(sum)
          0    -1.1110940894e+00 Pr: 4194(2.62894e+07) 0.2s
       4648     0.0000000000e+00 Pr: 0(0) 3.7s

Performed postsolve
Solving the original LP from the solution after postsolve

Model status        : Optimal
Simplex   iterations: 4648
Objective value     :  0.0000000000e+00
P-D objective error :  0.0000000000e+00
HiGHS run time      :          3.85
2026-06-20 19:15:52,093 INFO  Optimization successful: 
Status: ok
Termination condition: optimal
Solution: 9194 primals, 23733 duals
Objective: 0.00e+00
Solver model: available
Solver message: Optimal

  cap= 1.5: FEASIBLE (no shed)
2026-06-20 19:15:52,369 INFO New version 1.2.3 available! (Current: 1.2.0)
2026-06-20 19:15:52,509 INFO Imported network 'Texas2k Series 25' has buses, generators, lines, loads, shunt_impedances, transformers
2026-06-20 19:15:52,552 WARNING The following buses have carriers which are not defined. Run n.sanitize() to add them. Components with undefined carriers:
Index(['1001', '1002', '1003', '1004', '1005', '1006', '1007', '1008', '1009',
       '1010',
       ...
       '13420', '13421', '13422', '13423', '13424', '13425', '13426', '13427',
       '13428', '13429'],
      dtype='str', name='name', length=2751)
2026-06-20 19:15:52,561 WARNING The following generators have carriers which are not defined. Run n.sanitize() to add them. Components with undefined carriers:
Index(['G0', 'G1', 'G2', 'G3', 'G4', 'G5', 'G6', 'G7', 'G8', 'G9',
       ...
       'shed_13420', 'shed_13421', 'shed_13422', 'shed_13423', 'shed_13424',
       'shed_13425', 'shed_13426', 'shed_13427', 'shed_13428', 'shed_13429'],
      dtype='str', name='name', length=3850)
2026-06-20 19:15:52,594 WARNING The following lines have carriers which are not defined. Run n.sanitize() to add them. Components with undefined carriers:
Index(['L0', 'L1', 'L2', 'L3', 'L4', 'L5', 'L6', 'L7', 'L8', 'L9',
       ...
       'L3983', 'L3984', 'L3985', 'L3986', 'L3987', 'L3988', 'L3989', 'L3990',
       'L3991', 'L3992'],
      dtype='str', name='name', length=3993)
/compute/cap_sweep.py:66: FutureWarning: The default value of `include_objective_constant` will change from True to False in version 2.0. Set `include_objective_constant` explicitly to suppress this warning. Using False improves LP numerical conditioning by not including the objective constant as a variable.
  n.optimize.create_model()
2026-06-20 19:16:01,491 INFO  Solve problem using Highs solver
Running HiGHS 1.14.0 (git hash: 7df0786): Copyright (c) 2026 under MIT licence terms
LP has 23733 rows; 9194 cols; 116620 nonzeros
Coefficient ranges:
  Matrix  [6e-02, 5e+02]
  Cost    [2e+00, 1e+06]
  Bound   [0e+00, 0e+00]
  RHS     [7e-02, 5e+04]
Presolving model
4375 rows, 8224 cols, 94352 nonzeros 0s
Dependent equations search running on 4194 equations with time limit of 1000.00s
Dependent equations search removed 0 rows and 0 nonzeros in 0.00s (limit = 1000.00s)
4194 rows, 7874 cols, 93958 nonzeros 0s
Presolve reductions: rows 4194(-19539); columns 7874(-1320); nonzeros 93958(-22662) 
Solving the presolved LP
Using dual simplex solver
  Iteration        Objective     Infeasibilities num(sum)
          0    -1.1110940894e+00 Pr: 4194(2.62892e+07) 0.2s
       4688     0.0000000000e+00 Pr: 0(0) 3.8s

Performed postsolve
Solving the original LP from the solution after postsolve

Model status        : Optimal
Simplex   iterations: 4688
Objective value     :  0.0000000000e+00
P-D objective error :  0.0000000000e+00
HiGHS run time      :          3.91
2026-06-20 19:16:06,111 INFO  Optimization successful: 
Status: ok
Termination condition: optimal
Solution: 9194 primals, 23733 duals
Objective: 0.00e+00
Solver model: available
Solver message: Optimal

  cap= 2.0: FEASIBLE (no shed)

============================================================
mild_shoulder  2025-03-02T10:00:00+00:00
============================================================
2026-06-20 19:16:06,506 INFO New version 1.2.3 available! (Current: 1.2.0)
2026-06-20 19:16:06,686 INFO Imported network 'Texas2k Series 25' has buses, generators, lines, loads, shunt_impedances, transformers
2026-06-20 19:16:06,735 WARNING The following buses have carriers which are not defined. Run n.sanitize() to add them. Components with undefined carriers:
Index(['1001', '1002', '1003', '1004', '1005', '1006', '1007', '1008', '1009',
       '1010',
       ...
       '13420', '13421', '13422', '13423', '13424', '13425', '13426', '13427',
       '13428', '13429'],
      dtype='str', name='name', length=2751)
2026-06-20 19:16:06,747 WARNING The following generators have carriers which are not defined. Run n.sanitize() to add them. Components with undefined carriers:
Index(['G0', 'G1', 'G2', 'G3', 'G4', 'G5', 'G6', 'G7', 'G8', 'G9',
       ...
       'shed_13420', 'shed_13421', 'shed_13422', 'shed_13423', 'shed_13424',
       'shed_13425', 'shed_13426', 'shed_13427', 'shed_13428', 'shed_13429'],
      dtype='str', name='name', length=3850)
2026-06-20 19:16:06,784 WARNING The following lines have carriers which are not defined. Run n.sanitize() to add them. Components with undefined carriers:
Index(['L0', 'L1', 'L2', 'L3', 'L4', 'L5', 'L6', 'L7', 'L8', 'L9',
       ...
       'L3983', 'L3984', 'L3985', 'L3986', 'L3987', 'L3988', 'L3989', 'L3990',
       'L3991', 'L3992'],
      dtype='str', name='name', length=3993)
/compute/cap_sweep.py:66: FutureWarning: The default value of `include_objective_constant` will change from True to False in version 2.0. Set `include_objective_constant` explicitly to suppress this warning. Using False improves LP numerical conditioning by not including the objective constant as a variable.
  n.optimize.create_model()
2026-06-20 19:16:15,966 INFO  Solve problem using Highs solver
Running HiGHS 1.14.0 (git hash: 7df0786): Copyright (c) 2026 under MIT licence terms
LP has 23733 rows; 9194 cols; 116620 nonzeros
Coefficient ranges:
  Matrix  [6e-02, 5e+02]
  Cost    [2e+00, 1e+06]
  Bound   [0e+00, 0e+00]
  RHS     [3e-04, 4e+04]
Presolving model
4305 rows, 7996 cols, 94054 nonzeros 0s
Dependent equations search running on 4120 equations with time limit of 1000.00s
Dependent equations search removed 0 rows and 0 nonzeros in 0.00s (limit = 1000.00s)
4120 rows, 7639 cols, 93650 nonzeros 0s
Presolve reductions: rows 4120(-19613); columns 7639(-1555); nonzeros 93650(-22970) 
Solving the presolved LP
Using dual simplex solver
  Iteration        Objective     Infeasibilities num(sum)
          0    -1.1126170471e+00 Pr: 4120(2.62207e+07) 0.3s
       4487     3.2126314409e+05 Pr: 0(0); Du: 0(3.54503e-10) 3.9s

Performed postsolve
Solving the original LP from the solution after postsolve

Model status        : Optimal
Simplex   iterations: 4487
Objective value     :  3.2126314409e+05
P-D objective error :  2.9714088617e-14
HiGHS run time      :          4.09
2026-06-20 19:16:20,778 INFO  Optimization successful: 
Status: ok
Termination condition: optimal
Solution: 9194 primals, 23733 duals
Objective: 3.21e+05
Solver model: available
Solver message: Optimal

  cap= 1.2: FEASIBLE (no shed)
2026-06-20 19:16:21,073 INFO New version 1.2.3 available! (Current: 1.2.0)
2026-06-20 19:16:21,255 INFO Imported network 'Texas2k Series 25' has buses, generators, lines, loads, shunt_impedances, transformers
2026-06-20 19:16:21,294 WARNING The following buses have carriers which are not defined. Run n.sanitize() to add them. Components with undefined carriers:
Index(['1001', '1002', '1003', '1004', '1005', '1006', '1007', '1008', '1009',
       '1010',
       ...
       '13420', '13421', '13422', '13423', '13424', '13425', '13426', '13427',
       '13428', '13429'],
      dtype='str', name='name', length=2751)
2026-06-20 19:16:21,302 WARNING The following generators have carriers which are not defined. Run n.sanitize() to add them. Components with undefined carriers:
Index(['G0', 'G1', 'G2', 'G3', 'G4', 'G5', 'G6', 'G7', 'G8', 'G9',
       ...
       'shed_13420', 'shed_13421', 'shed_13422', 'shed_13423', 'shed_13424',
       'shed_13425', 'shed_13426', 'shed_13427', 'shed_13428', 'shed_13429'],
      dtype='str', name='name', length=3850)
2026-06-20 19:16:21,331 WARNING The following lines have carriers which are not defined. Run n.sanitize() to add them. Components with undefined carriers:
Index(['L0', 'L1', 'L2', 'L3', 'L4', 'L5', 'L6', 'L7', 'L8', 'L9',
       ...
       'L3983', 'L3984', 'L3985', 'L3986', 'L3987', 'L3988', 'L3989', 'L3990',
       'L3991', 'L3992'],
      dtype='str', name='name', length=3993)
/compute/cap_sweep.py:66: FutureWarning: The default value of `include_objective_constant` will change from True to False in version 2.0. Set `include_objective_constant` explicitly to suppress this warning. Using False improves LP numerical conditioning by not including the objective constant as a variable.
  n.optimize.create_model()
2026-06-20 19:16:29,382 INFO  Solve problem using Highs solver
Running HiGHS 1.14.0 (git hash: 7df0786): Copyright (c) 2026 under MIT licence terms
LP has 23733 rows; 9194 cols; 116620 nonzeros
Coefficient ranges:
  Matrix  [6e-02, 5e+02]
  Cost    [2e+00, 1e+06]
  Bound   [0e+00, 0e+00]
  RHS     [3e-04, 4e+04]
Presolving model
4305 rows, 7996 cols, 94054 nonzeros 0s
Dependent equations search running on 4120 equations with time limit of 1000.00s
Dependent equations search removed 0 rows and 0 nonzeros in 0.00s (limit = 1000.00s)
4120 rows, 7639 cols, 93650 nonzeros 0s
Presolve reductions: rows 4120(-19613); columns 7639(-1555); nonzeros 93650(-22970) 
Solving the presolved LP
Using dual simplex solver
  Iteration        Objective     Infeasibilities num(sum)
          0    -1.1126170471e+00 Pr: 4120(2.62208e+07) 0.3s
       4518     3.2126314409e+05 Pr: 0(0); Du: 0(1.36995e-10) 3.8s

Performed postsolve
Solving the original LP from the solution after postsolve

Model status        : Optimal
Simplex   iterations: 4518
Objective value     :  3.2126314409e+05
P-D objective error :  3.7360030932e-13
HiGHS run time      :          4.01
2026-06-20 19:16:34,099 INFO  Optimization successful: 
Status: ok
Termination condition: optimal
Solution: 9194 primals, 23733 duals
Objective: 3.21e+05
Solver model: available
Solver message: Optimal

  cap= 1.3: FEASIBLE (no shed)
2026-06-20 19:16:34,396 INFO New version 1.2.3 available! (Current: 1.2.0)
2026-06-20 19:16:34,540 INFO Imported network 'Texas2k Series 25' has buses, generators, lines, loads, shunt_impedances, transformers
2026-06-20 19:16:34,583 WARNING The following buses have carriers which are not defined. Run n.sanitize() to add them. Components with undefined carriers:
Index(['1001', '1002', '1003', '1004', '1005', '1006', '1007', '1008', '1009',
       '1010',
       ...
       '13420', '13421', '13422', '13423', '13424', '13425', '13426', '13427',
       '13428', '13429'],
      dtype='str', name='name', length=2751)
2026-06-20 19:16:34,592 WARNING The following generators have carriers which are not defined. Run n.sanitize() to add them. Components with undefined carriers:
Index(['G0', 'G1', 'G2', 'G3', 'G4', 'G5', 'G6', 'G7', 'G8', 'G9',
       ...
       'shed_13420', 'shed_13421', 'shed_13422', 'shed_13423', 'shed_13424',
       'shed_13425', 'shed_13426', 'shed_13427', 'shed_13428', 'shed_13429'],
      dtype='str', name='name', length=3850)
2026-06-20 19:16:34,628 WARNING The following lines have carriers which are not defined. Run n.sanitize() to add them. Components with undefined carriers:
Index(['L0', 'L1', 'L2', 'L3', 'L4', 'L5', 'L6', 'L7', 'L8', 'L9',
       ...
       'L3983', 'L3984', 'L3985', 'L3986', 'L3987', 'L3988', 'L3989', 'L3990',
       'L3991', 'L3992'],
      dtype='str', name='name', length=3993)
/compute/cap_sweep.py:66: FutureWarning: The default value of `include_objective_constant` will change from True to False in version 2.0. Set `include_objective_constant` explicitly to suppress this warning. Using False improves LP numerical conditioning by not including the objective constant as a variable.
  n.optimize.create_model()
2026-06-20 19:16:43,510 INFO  Solve problem using Highs solver
Running HiGHS 1.14.0 (git hash: 7df0786): Copyright (c) 2026 under MIT licence terms
LP has 23733 rows; 9194 cols; 116620 nonzeros
Coefficient ranges:
  Matrix  [6e-02, 5e+02]
  Cost    [2e+00, 1e+06]
  Bound   [0e+00, 0e+00]
  RHS     [3e-04, 4e+04]
Presolving model
4305 rows, 7996 cols, 94054 nonzeros 0s
Dependent equations search running on 4120 equations with time limit of 1000.00s
Dependent equations search removed 0 rows and 0 nonzeros in 0.00s (limit = 1000.00s)
4120 rows, 7639 cols, 93650 nonzeros 0s
Presolve reductions: rows 4120(-19613); columns 7639(-1555); nonzeros 93650(-22970) 
Solving the presolved LP
Using dual simplex solver
  Iteration        Objective     Infeasibilities num(sum)
          0    -1.1126170471e+00 Pr: 4120(2.62208e+07) 0.2s
       4536     3.2126314409e+05 Pr: 0(0); Du: 0(2.1038e-10) 3.8s

Performed postsolve
Solving the original LP from the solution after postsolve

Model status        : Optimal
Simplex   iterations: 4536
Objective value     :  3.2126314409e+05
P-D objective error :  4.1635960757e-13
HiGHS run time      :          3.98
2026-06-20 19:16:48,218 INFO  Optimization successful: 
Status: ok
Termination condition: optimal
Solution: 9194 primals, 23733 duals
Objective: 3.21e+05
Solver model: available
Solver message: Optimal

  cap= 1.5: FEASIBLE (no shed)
2026-06-20 19:16:48,469 INFO New version 1.2.3 available! (Current: 1.2.0)
2026-06-20 19:16:48,619 INFO Imported network 'Texas2k Series 25' has buses, generators, lines, loads, shunt_impedances, transformers
2026-06-20 19:16:48,669 WARNING The following buses have carriers which are not defined. Run n.sanitize() to add them. Components with undefined carriers:
Index(['1001', '1002', '1003', '1004', '1005', '1006', '1007', '1008', '1009',
       '1010',
       ...
       '13420', '13421', '13422', '13423', '13424', '13425', '13426', '13427',
       '13428', '13429'],
      dtype='str', name='name', length=2751)
2026-06-20 19:16:48,681 WARNING The following generators have carriers which are not defined. Run n.sanitize() to add them. Components with undefined carriers:
Index(['G0', 'G1', 'G2', 'G3', 'G4', 'G5', 'G6', 'G7', 'G8', 'G9',
       ...
       'shed_13420', 'shed_13421', 'shed_13422', 'shed_13423', 'shed_13424',
       'shed_13425', 'shed_13426', 'shed_13427', 'shed_13428', 'shed_13429'],
      dtype='str', name='name', length=3850)
2026-06-20 19:16:48,713 WARNING The following lines have carriers which are not defined. Run n.sanitize() to add them. Components with undefined carriers:
Index(['L0', 'L1', 'L2', 'L3', 'L4', 'L5', 'L6', 'L7', 'L8', 'L9',
       ...
       'L3983', 'L3984', 'L3985', 'L3986', 'L3987', 'L3988', 'L3989', 'L3990',
       'L3991', 'L3992'],
      dtype='str', name='name', length=3993)
/compute/cap_sweep.py:66: FutureWarning: The default value of `include_objective_constant` will change from True to False in version 2.0. Set `include_objective_constant` explicitly to suppress this warning. Using False improves LP numerical conditioning by not including the objective constant as a variable.
  n.optimize.create_model()
2026-06-20 19:16:57,873 INFO  Solve problem using Highs solver
Running HiGHS 1.14.0 (git hash: 7df0786): Copyright (c) 2026 under MIT licence terms
LP has 23733 rows; 9194 cols; 116620 nonzeros
Coefficient ranges:
  Matrix  [6e-02, 5e+02]
  Cost    [2e+00, 1e+06]
  Bound   [0e+00, 0e+00]
  RHS     [3e-04, 4e+04]
Presolving model
4305 rows, 7996 cols, 94054 nonzeros 0s
Dependent equations search running on 4120 equations with time limit of 1000.00s
Dependent equations search removed 0 rows and 0 nonzeros in 0.00s (limit = 1000.00s)
4120 rows, 7639 cols, 93650 nonzeros 0s
Presolve reductions: rows 4120(-19613); columns 7639(-1555); nonzeros 93650(-22970) 
Solving the presolved LP
Using dual simplex solver
  Iteration        Objective     Infeasibilities num(sum)
          0    -1.1126170471e+00 Pr: 4120(2.62207e+07) 0.3s
       4556     3.2126314409e+05 Pr: 0(0); Du: 0(2.84341e-10) 4.7s

Performed postsolve
Solving the original LP from the solution after postsolve

Model status        : Optimal
Simplex   iterations: 4556
Objective value     :  3.2126314409e+05
P-D objective error :  1.0082859948e-13
HiGHS run time      :          4.85
2026-06-20 19:17:03,462 INFO  Optimization successful: 
Status: ok
Termination condition: optimal
Solution: 9194 primals, 23733 duals
Objective: 3.21e+05
Solver model: available
Solver message: Optimal

  cap= 2.0: FEASIBLE (no shed)

============================================================
winter_peak  2025-01-20T15:00:00+00:00
============================================================
2026-06-20 19:17:03,943 INFO New version 1.2.3 available! (Current: 1.2.0)
2026-06-20 19:17:04,255 INFO Imported network 'Texas2k Series 25' has buses, generators, lines, loads, shunt_impedances, transformers
2026-06-20 19:17:04,310 WARNING The following buses have carriers which are not defined. Run n.sanitize() to add them. Components with undefined carriers:
Index(['1001', '1002', '1003', '1004', '1005', '1006', '1007', '1008', '1009',
       '1010',
       ...
       '13420', '13421', '13422', '13423', '13424', '13425', '13426', '13427',
       '13428', '13429'],
      dtype='str', name='name', length=2751)
2026-06-20 19:17:04,328 WARNING The following generators have carriers which are not defined. Run n.sanitize() to add them. Components with undefined carriers:
Index(['G0', 'G1', 'G2', 'G3', 'G4', 'G5', 'G6', 'G7', 'G8', 'G9',
       ...
       'shed_13420', 'shed_13421', 'shed_13422', 'shed_13423', 'shed_13424',
       'shed_13425', 'shed_13426', 'shed_13427', 'shed_13428', 'shed_13429'],
      dtype='str', name='name', length=3850)
2026-06-20 19:17:04,362 WARNING The following lines have carriers which are not defined. Run n.sanitize() to add them. Components with undefined carriers:
Index(['L0', 'L1', 'L2', 'L3', 'L4', 'L5', 'L6', 'L7', 'L8', 'L9',
       ...
       'L3983', 'L3984', 'L3985', 'L3986', 'L3987', 'L3988', 'L3989', 'L3990',
       'L3991', 'L3992'],
      dtype='str', name='name', length=3993)
/compute/cap_sweep.py:66: FutureWarning: The default value of `include_objective_constant` will change from True to False in version 2.0. Set `include_objective_constant` explicitly to suppress this warning. Using False improves LP numerical conditioning by not including the objective constant as a variable.
  n.optimize.create_model()
2026-06-20 19:17:14,956 INFO  Solve problem using Highs solver
Running HiGHS 1.14.0 (git hash: 7df0786): Copyright (c) 2026 under MIT licence terms
LP has 23733 rows; 9194 cols; 116620 nonzeros
Coefficient ranges:
  Matrix  [6e-02, 5e+02]
  Cost    [2e+00, 1e+06]
  Bound   [0e+00, 0e+00]
  RHS     [8e-02, 7e+04]
Presolving model
4375 rows, 8224 cols, 94352 nonzeros 0s
Dependent equations search running on 4197 equations with time limit of 1000.00s
Dependent equations search removed 0 rows and 0 nonzeros in 0.00s (limit = 1000.00s)
4197 rows, 7878 cols, 93964 nonzeros 0s
Presolve reductions: rows 4197(-19536); columns 7878(-1316); nonzeros 93964(-22656) 
Solving the presolved LP
Using dual simplex solver
  Iteration        Objective     Infeasibilities num(sum)
          0    -1.1184097257e+00 Pr: 4197(2.63331e+07) 0.4s
       3132    -1.1556401566e-01 Pr: 1747(1.35831e+06); Du: 0(8.55309e-07) 5.5s
       4648     1.2522026216e+06 Pr: 0(0); Du: 0(1.73017e-12) 8.2s

Performed postsolve
Solving the original LP from the solution after postsolve

Model status        : Optimal
Simplex   iterations: 4648
Objective value     :  1.2522026216e+06
P-D objective error :  1.4689007344e-14
HiGHS run time      :          8.37
2026-06-20 19:17:24,263 INFO  Optimization successful: 
Status: ok
Termination condition: optimal
Solution: 9194 primals, 23733 duals
Objective: 1.25e+06
Solver model: available
Solver message: Optimal

  cap= 1.2: FEASIBLE (no shed)
2026-06-20 19:17:24,681 INFO New version 1.2.3 available! (Current: 1.2.0)
2026-06-20 19:17:24,921 INFO Imported network 'Texas2k Series 25' has buses, generators, lines, loads, shunt_impedances, transformers
2026-06-20 19:17:24,984 WARNING The following buses have carriers which are not defined. Run n.sanitize() to add them. Components with undefined carriers:
Index(['1001', '1002', '1003', '1004', '1005', '1006', '1007', '1008', '1009',
       '1010',
       ...
       '13420', '13421', '13422', '13423', '13424', '13425', '13426', '13427',
       '13428', '13429'],
      dtype='str', name='name', length=2751)
2026-06-20 19:17:24,997 WARNING The following generators have carriers which are not defined. Run n.sanitize() to add them. Components with undefined carriers:
Index(['G0', 'G1', 'G2', 'G3', 'G4', 'G5', 'G6', 'G7', 'G8', 'G9',
       ...
       'shed_13420', 'shed_13421', 'shed_13422', 'shed_13423', 'shed_13424',
       'shed_13425', 'shed_13426', 'shed_13427', 'shed_13428', 'shed_13429'],
      dtype='str', name='name', length=3850)
2026-06-20 19:17:25,040 WARNING The following lines have carriers which are not defined. Run n.sanitize() to add them. Components with undefined carriers:
Index(['L0', 'L1', 'L2', 'L3', 'L4', 'L5', 'L6', 'L7', 'L8', 'L9',
       ...
       'L3983', 'L3984', 'L3985', 'L3986', 'L3987', 'L3988', 'L3989', 'L3990',
       'L3991', 'L3992'],
      dtype='str', name='name', length=3993)
/compute/cap_sweep.py:66: FutureWarning: The default value of `include_objective_constant` will change from True to False in version 2.0. Set `include_objective_constant` explicitly to suppress this warning. Using False improves LP numerical conditioning by not including the objective constant as a variable.
  n.optimize.create_model()
2026-06-20 19:17:33,109 INFO  Solve problem using Highs solver
Running HiGHS 1.14.0 (git hash: 7df0786): Copyright (c) 2026 under MIT licence terms
LP has 23733 rows; 9194 cols; 116620 nonzeros
Coefficient ranges:
  Matrix  [6e-02, 5e+02]
  Cost    [2e+00, 1e+06]
  Bound   [0e+00, 0e+00]
  RHS     [9e-02, 7e+04]
Presolving model
4375 rows, 8224 cols, 94352 nonzeros 0s
Dependent equations search running on 4197 equations with time limit of 1000.00s
Dependent equations search removed 0 rows and 0 nonzeros in 0.00s (limit = 1000.00s)
4197 rows, 7878 cols, 93964 nonzeros 0s
Presolve reductions: rows 4197(-19536); columns 7878(-1316); nonzeros 93964(-22656) 
Solving the presolved LP
Using dual simplex solver
  Iteration        Objective     Infeasibilities num(sum)
          0    -1.1184097257e+00 Pr: 4197(2.63333e+07) 0.3s
       4719     1.2518711018e+06 Pr: 0(0); Du: 0(3.49973e-10) 4.1s

Performed postsolve
Solving the original LP from the solution after postsolve

Model status        : Optimal
Simplex   iterations: 4719
Objective value     :  1.2518711018e+06
P-D objective error :  1.4971876339e-13
HiGHS run time      :          4.31
2026-06-20 19:17:38,058 INFO  Optimization successful: 
Status: ok
Termination condition: optimal
Solution: 9194 primals, 23733 duals
Objective: 1.25e+06
Solver model: available
Solver message: Optimal

  cap= 1.3: FEASIBLE (no shed)
2026-06-20 19:17:38,351 INFO New version 1.2.3 available! (Current: 1.2.0)
2026-06-20 19:17:38,492 INFO Imported network 'Texas2k Series 25' has buses, generators, lines, loads, shunt_impedances, transformers
2026-06-20 19:17:38,534 WARNING The following buses have carriers which are not defined. Run n.sanitize() to add them. Components with undefined carriers:
Index(['1001', '1002', '1003', '1004', '1005', '1006', '1007', '1008', '1009',
       '1010',
       ...
       '13420', '13421', '13422', '13423', '13424', '13425', '13426', '13427',
       '13428', '13429'],
      dtype='str', name='name', length=2751)
2026-06-20 19:17:38,543 WARNING The following generators have carriers which are not defined. Run n.sanitize() to add them. Components with undefined carriers:
Index(['G0', 'G1', 'G2', 'G3', 'G4', 'G5', 'G6', 'G7', 'G8', 'G9',
       ...
       'shed_13420', 'shed_13421', 'shed_13422', 'shed_13423', 'shed_13424',
       'shed_13425', 'shed_13426', 'shed_13427', 'shed_13428', 'shed_13429'],
      dtype='str', name='name', length=3850)
2026-06-20 19:17:38,575 WARNING The following lines have carriers which are not defined. Run n.sanitize() to add them. Components with undefined carriers:
Index(['L0', 'L1', 'L2', 'L3', 'L4', 'L5', 'L6', 'L7', 'L8', 'L9',
       ...
       'L3983', 'L3984', 'L3985', 'L3986', 'L3987', 'L3988', 'L3989', 'L3990',
       'L3991', 'L3992'],
      dtype='str', name='name', length=3993)
/compute/cap_sweep.py:66: FutureWarning: The default value of `include_objective_constant` will change from True to False in version 2.0. Set `include_objective_constant` explicitly to suppress this warning. Using False improves LP numerical conditioning by not including the objective constant as a variable.
  n.optimize.create_model()
2026-06-20 19:17:47,954 INFO  Solve problem using Highs solver
Running HiGHS 1.14.0 (git hash: 7df0786): Copyright (c) 2026 under MIT licence terms
LP has 23733 rows; 9194 cols; 116620 nonzeros
Coefficient ranges:
  Matrix  [6e-02, 5e+02]
  Cost    [2e+00, 1e+06]
  Bound   [0e+00, 0e+00]
  RHS     [1e-01, 7e+04]
Presolving model
4375 rows, 8224 cols, 94352 nonzeros 0s
Dependent equations search running on 4197 equations with time limit of 1000.00s
Dependent equations search removed 0 rows and 0 nonzeros in 0.00s (limit = 1000.00s)
4197 rows, 7878 cols, 93964 nonzeros 0s
Presolve reductions: rows 4197(-19536); columns 7878(-1316); nonzeros 93964(-22656) 
Solving the presolved LP
Using dual simplex solver
  Iteration        Objective     Infeasibilities num(sum)
          0    -1.1184097257e+00 Pr: 4197(2.63336e+07) 0.3s
       4715     1.2518711018e+06 Pr: 0(0); Du: 0(4.34886e-10) 4.1s

Performed postsolve
Solving the original LP from the solution after postsolve

Model status        : Optimal
Simplex   iterations: 4715
Objective value     :  1.2518711018e+06
P-D objective error :  1.1717120613e-14
HiGHS run time      :          4.27
2026-06-20 19:17:53,064 INFO  Optimization successful: 
Status: ok
Termination condition: optimal
Solution: 9194 primals, 23733 duals
Objective: 1.25e+06
Solver model: available
Solver message: Optimal

  cap= 1.5: FEASIBLE (no shed)
2026-06-20 19:17:53,347 INFO New version 1.2.3 available! (Current: 1.2.0)
2026-06-20 19:17:53,508 INFO Imported network 'Texas2k Series 25' has buses, generators, lines, loads, shunt_impedances, transformers
2026-06-20 19:17:53,556 WARNING The following buses have carriers which are not defined. Run n.sanitize() to add them. Components with undefined carriers:
Index(['1001', '1002', '1003', '1004', '1005', '1006', '1007', '1008', '1009',
       '1010',
       ...
       '13420', '13421', '13422', '13423', '13424', '13425', '13426', '13427',
       '13428', '13429'],
      dtype='str', name='name', length=2751)
2026-06-20 19:17:53,567 WARNING The following generators have carriers which are not defined. Run n.sanitize() to add them. Components with undefined carriers:
Index(['G0', 'G1', 'G2', 'G3', 'G4', 'G5', 'G6', 'G7', 'G8', 'G9',
       ...
       'shed_13420', 'shed_13421', 'shed_13422', 'shed_13423', 'shed_13424',
       'shed_13425', 'shed_13426', 'shed_13427', 'shed_13428', 'shed_13429'],
      dtype='str', name='name', length=3850)
2026-06-20 19:17:53,601 WARNING The following lines have carriers which are not defined. Run n.sanitize() to add them. Components with undefined carriers:
Index(['L0', 'L1', 'L2', 'L3', 'L4', 'L5', 'L6', 'L7', 'L8', 'L9',
       ...
       'L3983', 'L3984', 'L3985', 'L3986', 'L3987', 'L3988', 'L3989', 'L3990',
       'L3991', 'L3992'],
      dtype='str', name='name', length=3993)
/compute/cap_sweep.py:66: FutureWarning: The default value of `include_objective_constant` will change from True to False in version 2.0. Set `include_objective_constant` explicitly to suppress this warning. Using False improves LP numerical conditioning by not including the objective constant as a variable.
  n.optimize.create_model()
2026-06-20 19:18:06,034 INFO  Solve problem using Highs solver
Running HiGHS 1.14.0 (git hash: 7df0786): Copyright (c) 2026 under MIT licence terms
LP has 23733 rows; 9194 cols; 116620 nonzeros
Coefficient ranges:
  Matrix  [6e-02, 5e+02]
  Cost    [2e+00, 1e+06]
  Bound   [0e+00, 0e+00]
  RHS     [1e-01, 7e+04]
Presolving model
4375 rows, 8224 cols, 94352 nonzeros 0s
Dependent equations search running on 4197 equations with time limit of 1000.00s
Dependent equations search removed 0 rows and 0 nonzeros in 0.00s (limit = 1000.00s)
4197 rows, 7878 cols, 93964 nonzeros 0s
Presolve reductions: rows 4197(-19536); columns 7878(-1316); nonzeros 93964(-22656) 
Solving the presolved LP
Using dual simplex solver
  Iteration        Objective     Infeasibilities num(sum)
          0    -1.1184097257e+00 Pr: 4197(2.63354e+07) 0.3s
       4743     1.1952295395e+08 Pr: 0(0); Du: 0(1.05206e-09) 4.3s

Performed postsolve
Solving the original LP from the solution after postsolve

Model status        : Optimal
Simplex   iterations: 4743
Objective value     :  1.1952295395e+08
P-D objective error :  3.5413694066e-12
HiGHS run time      :          4.46
2026-06-20 19:18:11,776 INFO  Optimization successful: 
Status: ok
Termination condition: optimal
Solution: 9194 primals, 23733 duals
Objective: 1.20e+08
Solver model: available
Solver message: Optimal

  cap= 2.0: shed 118 MW (far_west 104)
