time="2026-07-01T20:22:01-05:00" level=warning msg="volume \"ercotstress_pgdata\" already exists but was not created by Docker Compose. Use `external: true` to use an existing volume"
 Container db Running 
 Container db Waiting 
 Container db Healthy 
 Container ercotstress-compute-run-c1cea4ea4738 Creating 
 Container ercotstress-compute-run-c1cea4ea4738 Created 
2026-07-02 01:22:05,238 INFO derate_sweep_analysis: loaded 100 summary rows, 275100 bus-level rows

=== Feasibility rate by derate ===
                       n_snapshots  n_ok  feasibility_rate
line_derate tx_derate                                     
0.80        0.85                20    20               1.0
0.85        0.90                20    20               1.0
0.90        0.95                20    20               1.0
0.95        0.97                20    20               1.0
1.00        1.00                20    20               1.0

=== Rank stability (top-20 Jaccard + Spearman on |MC|) ===
                            n  jaccard_mean  jaccard_median  spearman_mean  spearman_median
derate_a     derate_b                                                                      
(0.8, 0.85)  (0.85, 0.9)   20         0.562           0.481          0.879            0.928
             (0.9, 0.95)   20         0.322           0.312          0.817            0.890
             (0.95, 0.97)  20         0.239           0.231          0.800            0.891
             (1.0, 1.0)    20         0.224           0.194          0.776            0.889
(0.85, 0.9)  (0.9, 0.95)   20         0.552           0.510          0.892            0.933
             (0.95, 0.97)  20         0.421           0.379          0.864            0.921
             (1.0, 1.0)    20         0.341           0.292          0.834            0.926
(0.9, 0.95)  (0.95, 0.97)  20         0.684           0.703          0.937            0.984
             (1.0, 1.0)    20         0.553           0.538          0.911            0.968
(0.95, 0.97) (1.0, 1.0)    20         0.739           0.742          0.948            0.989

=== Basis calibration (Spearman signed MC vs signed basis) ===
                       n_ts  rho_mean  rho_median
line_derate tx_derate                            
1.00        1.00         20     0.425       0.723
0.85        0.90         20     0.405       0.392
0.80        0.85         20     0.406       0.338
0.95        0.97         20     0.299       0.336
0.90        0.95         20     0.321       0.259

Best-fit derate by median ρ: line=1.00, tx=1.00 (median ρ = 0.723)
